exports[`test Controller renders correctly 1`] = `
<div
  style={
    Object {
      "textAlign": "center",
    }
  }>
  <button
    className="btn btn-outline-success"
    onClick={[Function]}
    style={
      Object {
        "height": "80px",
        "margin": "5px",
        "width": "250px",
      }
    }>
    Start
  </button>
  <button
    className="btn btn-danger"
    onClick={[Function]}
    style={
      Object {
        "height": "80px",
        "margin": "5px",
        "width": "250px",
      }
    }>
    Stop
  </button>
</div>
`;
